

clonamos un repositorio desde github y creamos un repositorio remoto origin:


Servidor@SERVIDOR-PC MINGW64 /i/mariano pc/escritori/PROGRAMACION/INFORMATORIO 2023/Semana 10 - Introduccion a Django/proyecto2023/clone_origin_push_pull_desafio_10
$ git clone https://github.com/garneromariano/desafio_10.git
Cloning into 'desafio_10'...
remote: Enumerating objects: 22, done.
remote: Counting objects: 100% (22/22), done.
remote: Compressing objects: 100% (18/18), done.
remote: Total 22 (delta 2), reused 0 (delta 0), pack-reused 0
Receiving objects: 100% (22/22), 7.65 KiB | 7.65 MiB/s, done.
Resolving deltas: 100% (2/2), done.


Servidor@SERVIDOR-PC MINGW64 /i/mariano pc/escritori/PROGRAMACION/INFORMATORIO 2023/Semana 10 - Introduccion a Django/proyecto2023/clone_origin_push_pull_desafio_10
$ cd desafio_10


Servidor@SERVIDOR-PC MINGW64 /i/mariano pc/escritori/PROGRAMACION/INFORMATORIO 2023/Semana 10 - Introduccion a Django/proyecto2023/clone_origin_push_pull_desafio_10/desafio_10 (main)
$ git remote add origin https://github.com/garneromariano/desafio_10.git
error: remote origin already exists.


(ya lo habia creado al repositorio origin por eso el error)


Servidor@SERVIDOR-PC MINGW64 /i/mariano pc/escritori/PROGRAMACION/INFORMATORIO 2023/Semana 10 - Introduccion a Django/proyecto2023/clone_origin_push_pull_desafio_10/desafio_10 (main)
$ git remote
origin


Servidor@SERVIDOR-PC MINGW64 /i/mariano pc/escritori/PROGRAMACION/INFORMATORIO 2023/Semana 10 - Introduccion a Django/proyecto2023/clone_origin_push_pull_desafio_10/desafio_10 (main)
$ git status
On branch main
Your branch is up to date with 'origin/main'.

Untracked files:
  (use "git add <file>..." to include in what will be committed)
        comandos git-clone, add origin, push y pull.txt

nothing added to commit but untracked files present (use "git add" to track)


Servidor@SERVIDOR-PC MINGW64 /i/mariano pc/escritori/PROGRAMACION/INFORMATORIO 2023/Semana 10 - Introduccion a Django/proyecto2023/repositorio-blog (master)
$ git status
On branch master
Untracked files:
  (use "git add <file>..." to include in what will be committed)
        comandos git-clonamos y hicimos un origin.txt
        desafio_10/

nothing added to commit but untracked files present (use "git add" to track)


Servidor@SERVIDOR-PC MINGW64 /i/mariano pc/escritori/PROGRAMACION/INFORMATORIO 2023/Semana 10 - Introduccion a Django/proyecto2023/clone_origin_push_pull_desafio_10/desafio_10 (main)
$ git add .


Servidor@SERVIDOR-PC MINGW64 /i/mariano pc/escritori/PROGRAMACION/INFORMATORIO 2023/Semana 10 - Introduccion a Django/proyecto2023/clone_origin_push_pull_desafio_10/desafio_10 (main)
$ git status
On branch main
Your branch is up to date with 'origin/main'.

Changes to be committed:
  (use "git restore --staged <file>..." to unstage)
        new file:   comandos git-clone, add origin, push y pull.txt


Servidor@SERVIDOR-PC MINGW64 /i/mariano pc/escritori/PROGRAMACION/INFORMATORIO 2023/Semana 10 - Introduccion a Django/proyecto2023/clone_origin_push_pull_desafio_10/desafio_10 (main)
$ git commit -m 'agregar archivo de texto con comandos git'
[main 4b383dd] agregar archivo de texto con comandos git
 1 file changed, 134 insertions(+)
 create mode 100644 comandos git-clone, add origin, push y pull.txt


Servidor@SERVIDOR-PC MINGW64 /i/mariano pc/escritori/PROGRAMACION/INFORMATORIO 2023/Semana 10 - Introduccion a Django/proyecto2023/clone_origin_push_pull_desafio_10/desafio_10 (main)
$ git status
On branch main
Your branch is ahead of 'origin/main' by 1 commit.
  (use "git push" to publish your local commits)

nothing to commit, working tree clean



Servidor@SERVIDOR-PC MINGW64 /i/mariano pc/escritori/PROGRAMACION/INFORMATORIO 2023/Semana 10 - Introduccion a Django/proyecto2023/clone_origin_push_pull_desafio_10/desafio_10 (main)
$ git remote -v
origin  https://github.com/garneromariano/desafio_10.git (fetch)
origin  https://github.com/garneromariano/desafio_10.git (push)


Servidor@SERVIDOR-PC MINGW64 /i/mariano pc/escritori/PROGRAMACION/INFORMATORIO 2023/Semana 10 - Introduccion a Django/proyecto2023/clone_origin_push_pull_desafio_10/desafio_10 (main)
$ git push origin main
Enumerating objects: 4, done.
Counting objects: 100% (4/4), done.
Delta compression using up to 8 threads
Compressing objects: 100% (3/3), done.
Writing objects: 100% (3/3), 1.84 KiB | 1.84 MiB/s, done.
Total 3 (delta 0), reused 0 (delta 0), pack-reused 0
To https://github.com/garneromariano/desafio_10.git
   bd953a9..4b383dd  main -> main


ahora los cambios hechos en el main se agregaron o fusionarion al repositorio remoto origin


despues de eso vamos a hace un pull con estos nuevos cambios, para actualizar el repositorio
remoto que tenemos en github: